******************************************************************************
                  TI ARM Linker PC v18.1.4                     
******************************************************************************
>> Linked Tue Nov 19 21:31:24 2019

OUTPUT FILE NAME:   <Radar_final.out>
ENTRY POINT SYMBOL: "_c_int00_noinit_noargs"  address: 00000db5


MEMORY CONFIGURATION

         name            origin    length      used     unused   attr    fill
----------------------  --------  ---------  --------  --------  ----  --------
  FLASH                 00000000   00040000  00000e1c  0003f1e4  R  X
  SRAM                  20000000   00008000  00000200  00007e00  RW X


SEGMENT ALLOCATION MAP

run origin  load origin   length   init length attrs members
----------  ----------- ---------- ----------- ----- -------
00000000    00000000    00000e1c   00000e1c    r-x
  00000000    00000000    0000026c   0000026c    r-- .intvecs
  0000026c    0000026c    00000bac   00000bac    r-x .text
  00000e18    00000e18    00000004   00000004    r-- .const
20000000    20000000    00000200   00000000    rw-
  20000000    20000000    00000200   00000000    rw- .stack


SECTION ALLOCATION MAP

 output                                  attributes/
section   page    origin      length       input sections
--------  ----  ----------  ----------   ----------------
.intvecs   0    00000000    0000026c     
                  00000000    0000026c     tm4c123gh6pm_startup_ccs.obj (.intvecs)

.text      0    0000026c    00000bac     
                  0000026c    00000310     ultrasonido.obj (.text)
                  0000057c    000002c0     main.obj (.text)
                  0000083c    0000024c     motor.obj (.text)
                  00000a88    0000016c     bluetooth.obj (.text)
                  00000bf4    000000fc     rtsv7M4_T_le_v4SPD16_eabi.lib : fd_mul_t2.asm.obj (.text)
                  00000cf0    0000007a                                   : memset_t2.asm.obj (.text)
                  00000d6a    00000048                                   : fd_toi_t2.asm.obj (.text)
                  00000db2    00000002     --HOLE-- [fill = 0]
                  00000db4    00000030                                   : boot_cortex_m.c.obj (.text:_c_int00_noinit_noargs:_c_int00_noinit_noargs)
                  00000de4    00000020                                   : u_tofd_t2.asm.obj (.text)
                  00000e04    0000000c     tm4c123gh6pm_startup_ccs.obj (.text)
                  00000e10    00000004     rtsv7M4_T_le_v4SPD16_eabi.lib : pre_init.c.obj (.text:_system_pre_init)
                  00000e14    00000004                                   : exit.c.obj (.text:abort:abort)

.const     0    00000e18    00000004     
                  00000e18    00000004     motor.obj (.const:.string:secuencia)

.cinit     0    00000000    00000000     UNINITIALIZED

.init_array 
*          0    00000000    00000000     UNINITIALIZED

.stack     0    20000000    00000200     UNINITIALIZED
                  20000000    00000004     rtsv7M4_T_le_v4SPD16_eabi.lib : boot_cortex_m.c.obj (.stack)
                  20000004    000001fc     --HOLE--

MODULE SUMMARY

       Module                         code   ro data   rw data
       ------                         ----   -------   -------
    .\
       ultrasonido.obj                784    0         0      
       main.obj                       704    0         0      
       tm4c123gh6pm_startup_ccs.obj   12     620       0      
       motor.obj                      588    4         0      
       bluetooth.obj                  364    0         0      
    +--+------------------------------+------+---------+---------+
       Total:                         2452   624       0      
                                                              
    C:\ti\ccsv8\tools\compiler\ti-cgt-arm_18.1.4.LTS\lib\rtsv7M4_T_le_v4SPD16_eabi.lib
       fd_mul_t2.asm.obj              252    0         0      
       memset_t2.asm.obj              122    0         0      
       fd_toi_t2.asm.obj              72     0         0      
       boot_cortex_m.c.obj            48     0         0      
       u_tofd_t2.asm.obj              32     0         0      
       exit.c.obj                     4      0         0      
       pre_init.c.obj                 4      0         0      
    +--+------------------------------+------+---------+---------+
       Total:                         534    0         0      
                                                              
       Stack:                         0      0         512    
    +--+------------------------------+------+---------+---------+
       Grand Total:                   2986   624       512    


GLOBAL SYMBOLS: SORTED ALPHABETICALLY BY Name 

address   name                         
-------   ----                         
00000e15  C$$EXIT                      
00000983  Funcion_calibracion          
00000b49  Recepcion_de_angulo          
00000e05  ResetISR                     
20000200  __STACK_END                  
00000200  __STACK_SIZE                 
20000200  __STACK_TOP                  
ffffffff  __TI_pprof_out_hndl          
ffffffff  __TI_prof_data_size          
ffffffff  __TI_prof_data_start         
00000000  __TI_static_base__           
00000d6b  __aeabi_d2iz                 
00000bf5  __aeabi_dmul                 
00000cf1  __aeabi_memclr               
00000cf1  __aeabi_memclr4              
00000cf1  __aeabi_memclr8              
00000cf3  __aeabi_memset               
00000cf3  __aeabi_memset4              
00000cf3  __aeabi_memset8              
00000de5  __aeabi_ui2d                 
ffffffff  __binit__                    
ffffffff  __c_args__                   
UNDEFED   __mpu_init                   
20000000  __stack                      
00000db5  _c_int00_noinit_noargs       
00000e11  _system_pre_init             
00000e15  abort                        
ffffffff  binit                        
000003dd  config_UART0                 
00000a89  config_UART5                 
0000083d  config_leds                  
00000397  config_portA                 
00000301  distancia                    
00000879  funcion_cambia_sentido       
00000000  g_pfnVectors                 
000009ff  gira_angulo_de_desplazamiento
0000057d  main                         
00000cf9  memset                       
0000026d  retardo_us                   
00000b2d  rx_dato                      
00000e18  secuencia                    
00000489  tx_char                      
000004a5  tx_mens                      
000004eb  tx_num                       
000008a5  unpaso                       


GLOBAL SYMBOLS: SORTED BY Symbol Address 

address   name                         
-------   ----                         
00000000  __TI_static_base__           
00000000  g_pfnVectors                 
00000200  __STACK_SIZE                 
0000026d  retardo_us                   
00000301  distancia                    
00000397  config_portA                 
000003dd  config_UART0                 
00000489  tx_char                      
000004a5  tx_mens                      
000004eb  tx_num                       
0000057d  main                         
0000083d  config_leds                  
00000879  funcion_cambia_sentido       
000008a5  unpaso                       
00000983  Funcion_calibracion          
000009ff  gira_angulo_de_desplazamiento
00000a89  config_UART5                 
00000b2d  rx_dato                      
00000b49  Recepcion_de_angulo          
00000bf5  __aeabi_dmul                 
00000cf1  __aeabi_memclr               
00000cf1  __aeabi_memclr4              
00000cf1  __aeabi_memclr8              
00000cf3  __aeabi_memset               
00000cf3  __aeabi_memset4              
00000cf3  __aeabi_memset8              
00000cf9  memset                       
00000d6b  __aeabi_d2iz                 
00000db5  _c_int00_noinit_noargs       
00000de5  __aeabi_ui2d                 
00000e05  ResetISR                     
00000e11  _system_pre_init             
00000e15  C$$EXIT                      
00000e15  abort                        
00000e18  secuencia                    
20000000  __stack                      
20000200  __STACK_END                  
20000200  __STACK_TOP                  
ffffffff  __TI_pprof_out_hndl          
ffffffff  __TI_prof_data_size          
ffffffff  __TI_prof_data_start         
ffffffff  __binit__                    
ffffffff  __c_args__                   
ffffffff  binit                        
UNDEFED   __mpu_init                   

[45 symbols]
